// Jest Snapshot v1, https://goo.gl/fbAQLP

exports[`render Card with data 1`] = `
<div
  className="Card"
>
  Card
</div>
`;
